---
source: src/porc_app.rs
expression: render_foo(app)
---
     pid   cpu       ram ┃ executable   
━━━━━━━━━━━━━━━━━━━━━━━━━╋━━━━━━━━━━━━━━
       1    1%       0MB ┃ one          
       2    2%       0MB ┃ two          
       3    4%       0MB ┃ three        
       4    3%       0MB ┃ four         
                                        
                                        
                                        
                                        
                                        
                                        
                                        
                                        
                                        
                                        
                                        
                                        
                                        
Ctrl+C: Quit | ↑↓ : scroll | ENTER: sele
